[INFO] Scanning for projects...
[INFO] 
[INFO] -----------------------< com.gzxm:gzxm-backend >------------------------
[INFO] Building gzxm-backend 0.1.0-SNAPSHOT
[INFO]   from pom.xml
[INFO] --------------------------------[ jar ]---------------------------------
[INFO] 
[INFO] >>> spring-boot:3.5.6:run (default-cli) > test-compile @ gzxm-backend >>>
[INFO] 
[INFO] --- resources:3.3.1:resources (default-resources) @ gzxm-backend ---
[INFO] Copying 2 resources from src\main\resources to target\classes
[INFO] Copying 1 resource from src\main\resources to target\classes
[INFO] 
[INFO] --- compiler:3.14.0:compile (default-compile) @ gzxm-backend ---
[INFO] Nothing to compile - all classes are up to date.
[INFO] 
[INFO] --- resources:3.3.1:testResources (default-testResources) @ gzxm-backend ---
[INFO] skip non existing resourceDirectory C:\Users\97869\Desktop\pj\GZXM_backend_frontend\backend\src\test\resources
[INFO] 
[INFO] --- compiler:3.14.0:testCompile (default-testCompile) @ gzxm-backend ---
[INFO] Nothing to compile - all classes are up to date.
[INFO] 
[INFO] <<< spring-boot:3.5.6:run (default-cli) < test-compile @ gzxm-backend <<<
[INFO] 
[INFO] 
[INFO] --- spring-boot:3.5.6:run (default-cli) @ gzxm-backend ---
[INFO] Attaching agents: []

  .   ____          _            __ _ _
 /\\ / ___'_ __ _ _(_)_ __  __ _ \ \ \ \
( ( )\___ | '_ | '_| | '_ \/ _` | \ \ \ \
 \\/  ___)| |_)| | | | | || (_| |  ) ) ) )
  '  |____| .__|_| |_|_| |_\__, | / / / /
 =========|_|==============|___/=/_/_/_/

 :: Spring Boot ::                (v3.5.6)

2026-09-15T10:54:52.632+08:00  INFO 28556 --- [gzxm-backend] [           main] com.gzxm.server.GzxmApplication          : Starting GzxmApplication using Java 21.0.3 with PID 28556 (C:\Users\97869\Desktop\pj\GZXM_backend_frontend\backend\target\classes started by 97869 in C:\Users\97869\Desktop\pj\GZXM_backend_frontend\backend)
2026-09-15T10:54:52.634+08:00  INFO 28556 --- [gzxm-backend] [           main] com.gzxm.server.GzxmApplication          : No active profile set, falling back to 1 default profile: "local"
2026-09-15T10:54:53.538+08:00  INFO 28556 --- [gzxm-backend] [           main] .s.d.r.c.RepositoryConfigurationDelegate : Multiple Spring Data modules found, entering strict repository configuration mode
2026-09-15T10:54:53.538+08:00  INFO 28556 --- [gzxm-backend] [           main] .s.d.r.c.RepositoryConfigurationDelegate : Bootstrapping Spring Data Redis repositories in DEFAULT mode.
2026-09-15T10:54:53.576+08:00  INFO 28556 --- [gzxm-backend] [           main] .s.d.r.c.RepositoryConfigurationDelegate : Finished Spring Data repository scanning in 22 ms. Found 0 Redis repository interfaces.
2026-09-15T10:54:54.139+08:00  INFO 28556 --- [gzxm-backend] [           main] o.s.b.w.embedded.tomcat.TomcatWebServer  : Tomcat initialized with port 8080 (http)
2026-09-15T10:54:54.155+08:00  INFO 28556 --- [gzxm-backend] [           main] o.apache.catalina.core.StandardService   : Starting service [Tomcat]
2026-09-15T10:54:54.156+08:00  INFO 28556 --- [gzxm-backend] [           main] o.apache.catalina.core.StandardEngine    : Starting Servlet engine: [Apache Tomcat/10.1.46]
2026-09-15T10:54:54.213+08:00  INFO 28556 --- [gzxm-backend] [           main] o.a.c.c.C.[Tomcat].[localhost].[/]       : Initializing Spring embedded WebApplicationContext
2026-09-15T10:54:54.214+08:00  INFO 28556 --- [gzxm-backend] [           main] w.s.c.ServletWebServerApplicationContext : Root WebApplicationContext: initialization completed in 1545 ms
2026-09-15T10:54:54.562+08:00  INFO 28556 --- [gzxm-backend] [           main] com.zaxxer.hikari.HikariDataSource       : HikariPool-1 - Starting...
2026-09-15T10:54:54.695+08:00  INFO 28556 --- [gzxm-backend] [           main] com.zaxxer.hikari.pool.HikariPool        : HikariPool-1 - Added connection com.mysql.cj.jdbc.ConnectionImpl@1dfe5dd1
2026-09-15T10:54:54.696+08:00  INFO 28556 --- [gzxm-backend] [           main] com.zaxxer.hikari.HikariDataSource       : HikariPool-1 - Start completed.
2026-09-15T10:54:54.739+08:00  INFO 28556 --- [gzxm-backend] [           main] org.flywaydb.core.FlywayExecutor         : Database: jdbc:mysql://localhost:13306/gzxm?useUnicode=true&characterEncoding=utf8&serverTimezone=UTC&useSSL=false&allowPublicKeyRetrieval=true (MySQL 8.4)
2026-09-15T10:54:55.230+08:00  WARN 28556 --- [gzxm-backend] [           main] o.f.c.internal.database.base.Database    : Flyway upgrade recommended: MySQL 8.4 is newer than this version of Flyway and support has not been tested. The latest supported version of MySQL is 8.1.
2026-09-15T10:54:55.283+08:00  INFO 28556 --- [gzxm-backend] [           main] o.f.c.i.s.JdbcTableSchemaHistory         : Schema history table `gzxm`.`flyway_schema_history` does not exist yet
2026-09-15T10:54:55.288+08:00  INFO 28556 --- [gzxm-backend] [           main] o.f.core.internal.command.DbValidate     : Successfully validated 1 migration (execution time 00:00.034s)
2026-09-15T10:54:55.317+08:00  INFO 28556 --- [gzxm-backend] [           main] o.f.c.i.s.JdbcTableSchemaHistory         : Creating Schema History table `gzxm`.`flyway_schema_history` ...
2026-09-15T10:54:55.416+08:00  INFO 28556 --- [gzxm-backend] [           main] o.f.core.internal.command.DbMigrate      : Current version of schema `gzxm`: << Empty Schema >>
2026-09-15T10:54:55.446+08:00  INFO 28556 --- [gzxm-backend] [           main] o.f.core.internal.command.DbMigrate      : Migrating schema `gzxm` to version "202609150900 - create baseline schema"
2026-09-15T10:54:55.508+08:00  WARN 28556 --- [gzxm-backend] [           main] o.f.c.i.s.DefaultSqlScriptExecutor       : DB: Integer display width is deprecated and will be removed in a future release. (SQL State: HY000 - Error Code: 1681)
2026-09-15T10:54:55.508+08:00  WARN 28556 --- [gzxm-backend] [           main] o.f.c.i.s.DefaultSqlScriptExecutor       : DB: Integer display width is deprecated and will be removed in a future release. (SQL State: HY000 - Error Code: 1681)
2026-09-15T10:54:55.572+08:00  WARN 28556 --- [gzxm-backend] [           main] o.f.c.i.s.DefaultSqlScriptExecutor       : DB: Integer display width is deprecated and will be removed in a future release. (SQL State: HY000 - Error Code: 1681)
2026-09-15T10:54:55.572+08:00  WARN 28556 --- [gzxm-backend] [           main] o.f.c.i.s.DefaultSqlScriptExecutor       : DB: Integer display width is deprecated and will be removed in a future release. (SQL State: HY000 - Error Code: 1681)
2026-09-15T10:54:55.628+08:00  WARN 28556 --- [gzxm-backend] [           main] o.f.c.i.s.DefaultSqlScriptExecutor       : DB: Integer display width is deprecated and will be removed in a future release. (SQL State: HY000 - Error Code: 1681)
2026-09-15T10:54:55.628+08:00  WARN 28556 --- [gzxm-backend] [           main] o.f.c.i.s.DefaultSqlScriptExecutor       : DB: Integer display width is deprecated and will be removed in a future release. (SQL State: HY000 - Error Code: 1681)
2026-09-15T10:54:55.762+08:00  WARN 28556 --- [gzxm-backend] [           main] o.f.c.i.s.DefaultSqlScriptExecutor       : DB: Integer display width is deprecated and will be removed in a future release. (SQL State: HY000 - Error Code: 1681)
2026-09-15T10:54:55.873+08:00  WARN 28556 --- [gzxm-backend] [           main] o.f.c.i.s.DefaultSqlScriptExecutor       : DB: Integer display width is deprecated and will be removed in a future release. (SQL State: HY000 - Error Code: 1681)
2026-09-15T10:54:55.940+08:00  WARN 28556 --- [gzxm-backend] [           main] o.f.c.i.s.DefaultSqlScriptExecutor       : DB: Integer display width is deprecated and will be removed in a future release. (SQL State: HY000 - Error Code: 1681)
2026-09-15T10:54:56.024+08:00  WARN 28556 --- [gzxm-backend] [           main] o.f.c.i.s.DefaultSqlScriptExecutor       : DB: Integer display width is deprecated and will be removed in a future release. (SQL State: HY000 - Error Code: 1681)
2026-09-15T10:54:56.092+08:00  WARN 28556 --- [gzxm-backend] [           main] o.f.c.i.s.DefaultSqlScriptExecutor       : DB: Integer display width is deprecated and will be removed in a future release. (SQL State: HY000 - Error Code: 1681)
2026-09-15T10:54:56.144+08:00  WARN 28556 --- [gzxm-backend] [           main] o.f.c.i.s.DefaultSqlScriptExecutor       : DB: Integer display width is deprecated and will be removed in a future release. (SQL State: HY000 - Error Code: 1681)
2026-09-15T10:54:56.146+08:00  WARN 28556 --- [gzxm-backend] [           main] o.f.c.i.s.DefaultSqlScriptExecutor       : DB: Integer display width is deprecated and will be removed in a future release. (SQL State: HY000 - Error Code: 1681)
2026-09-15T10:54:56.375+08:00  WARN 28556 --- [gzxm-backend] [           main] o.f.c.i.s.DefaultSqlScriptExecutor       : DB: Integer display width is deprecated and will be removed in a future release. (SQL State: HY000 - Error Code: 1681)
2026-09-15T10:54:56.429+08:00  WARN 28556 --- [gzxm-backend] [           main] o.f.c.i.s.DefaultSqlScriptExecutor       : DB: Integer display width is deprecated and will be removed in a future release. (SQL State: HY000 - Error Code: 1681)
2026-09-15T10:54:56.431+08:00  WARN 28556 --- [gzxm-backend] [           main] o.f.c.i.s.DefaultSqlScriptExecutor       : DB: Integer display width is deprecated and will be removed in a future release. (SQL State: HY000 - Error Code: 1681)
2026-09-15T10:54:56.563+08:00  WARN 28556 --- [gzxm-backend] [           main] o.f.c.i.s.DefaultSqlScriptExecutor       : DB: Integer display width is deprecated and will be removed in a future release. (SQL State: HY000 - Error Code: 1681)
2026-09-15T10:54:56.863+08:00  WARN 28556 --- [gzxm-backend] [           main] o.f.c.i.s.DefaultSqlScriptExecutor       : DB: Integer display width is deprecated and will be removed in a future release. (SQL State: HY000 - Error Code: 1681)
2026-09-15T10:54:56.864+08:00  WARN 28556 --- [gzxm-backend] [           main] o.f.c.i.s.DefaultSqlScriptExecutor       : DB: Integer display width is deprecated and will be removed in a future release. (SQL State: HY000 - Error Code: 1681)
2026-09-15T10:54:57.019+08:00  WARN 28556 --- [gzxm-backend] [           main] o.f.c.i.s.DefaultSqlScriptExecutor       : DB: Integer display width is deprecated and will be removed in a future release. (SQL State: HY000 - Error Code: 1681)
2026-09-15T10:54:57.019+08:00  WARN 28556 --- [gzxm-backend] [           main] o.f.c.i.s.DefaultSqlScriptExecutor       : DB: Integer display width is deprecated and will be removed in a future release. (SQL State: HY000 - Error Code: 1681)
2026-09-15T10:54:57.211+08:00  WARN 28556 --- [gzxm-backend] [           main] o.f.c.i.s.DefaultSqlScriptExecutor       : DB: Integer display width is deprecated and will be removed in a future release. (SQL State: HY000 - Error Code: 1681)
2026-09-15T10:54:57.251+08:00  INFO 28556 --- [gzxm-backend] [           main] o.f.core.internal.command.DbMigrate      : Successfully applied 1 migration to schema `gzxm`, now at version v202609150900 (execution time 00:01.769s)
2026-09-15T10:54:58.835+08:00  WARN 28556 --- [gzxm-backend] [           main] .s.s.UserDetailsServiceAutoConfiguration : 

Using generated security password: c860db2a-7036-4fa3-b8fb-c60141e84a39

This generated password is for development use only. Your security configuration must be updated before running your application in production.

2026-09-15T10:54:58.843+08:00  INFO 28556 --- [gzxm-backend] [           main] r$InitializeUserDetailsManagerConfigurer : Global AuthenticationManager configured with UserDetailsService bean with name inMemoryUserDetailsManager
2026-09-15T10:54:59.581+08:00  INFO 28556 --- [gzxm-backend] [           main] o.s.b.a.e.web.EndpointLinksResolver      : Exposing 2 endpoints beneath base path '/actuator'
2026-09-15T10:54:59.979+08:00  INFO 28556 --- [gzxm-backend] [           main] b.m.s.MybatisPlusApplicationContextAware : Register ApplicationContext instances org.springframework.boot.web.servlet.context.AnnotationConfigServletWebServerApplicationContext@331acdad
2026-09-15T10:55:00.719+08:00  INFO 28556 --- [gzxm-backend] [           main] o.s.b.w.embedded.tomcat.TomcatWebServer  : Tomcat started on port 8080 (http) with context path '/'
2026-09-15T10:55:00.754+08:00  INFO 28556 --- [gzxm-backend] [           main] com.gzxm.server.GzxmApplication          : Started GzxmApplication in 8.48 seconds (process running for 8.77)
2026-09-15T10:55:09.967+08:00  INFO 28556 --- [gzxm-backend] [nio-8080-exec-1] o.a.c.c.C.[Tomcat].[localhost].[/]       : Initializing Spring DispatcherServlet 'dispatcherServlet'
2026-09-15T10:55:09.967+08:00  INFO 28556 --- [gzxm-backend] [nio-8080-exec-1] o.s.web.servlet.DispatcherServlet        : Initializing Servlet 'dispatcherServlet'
2026-09-15T10:55:09.970+08:00  INFO 28556 --- [gzxm-backend] [nio-8080-exec-1] o.s.web.servlet.DispatcherServlet        : Completed initialization in 3 ms
2026-09-15T10:55:51.052+08:00  INFO 28556 --- [gzxm-backend] [nio-8080-exec-6] o.springdoc.api.AbstractOpenApiResource  : Init duration for springdoc-openapi is: 441 ms
2026-09-15T14:31:57.924+08:00  WARN 28556 --- [gzxm-backend] [l-1:housekeeper] com.zaxxer.hikari.pool.HikariPool        : HikariPool-1 - Thread starvation or clock leap detected (housekeeper delta=2h31m32s170ms459µs100ns).
2026-09-15T16:30:17.592+08:00  WARN 28556 --- [gzxm-backend] [l-1:housekeeper] com.zaxxer.hikari.pool.HikariPool        : HikariPool-1 - Thread starvation or clock leap detected (housekeeper delta=1m47s955ms795µs400ns).
2026-09-15T16:32:02.250+08:00  WARN 28556 --- [gzxm-backend] [l-1:housekeeper] com.zaxxer.hikari.pool.HikariPool        : HikariPool-1 - Thread starvation or clock leap detected (housekeeper delta=1m44s656ms855µs400ns).
2026-09-15T16:33:08.986+08:00  WARN 28556 --- [gzxm-backend] [l-1:housekeeper] com.zaxxer.hikari.pool.HikariPool        : HikariPool-1 - Thread starvation or clock leap detected (housekeeper delta=1m6s736ms205µs600ns).
2026-09-15T17:09:35.438+08:00  WARN 28556 --- [gzxm-backend] [l-1:housekeeper] com.zaxxer.hikari.pool.HikariPool        : HikariPool-1 - Thread starvation or clock leap detected (housekeeper delta=55s942ms425µs100ns).
2026-09-15T17:38:44.267+08:00  WARN 28556 --- [gzxm-backend] [l-1:housekeeper] com.zaxxer.hikari.pool.HikariPool        : HikariPool-1 - Thread starvation or clock leap detected (housekeeper delta=2m34s832ms620µs200ns).
